FAIL src/test/test.controller.spec.ts
  TestController
    ├ù should be defined (17 ms)

  ΓùÅ TestController ΓÇ║ should be defined

    Nest can't resolve dependencies of the JwtAuthGuard (?, PrismaService, Reflector, ConfigService). Please make sure that the argument JwtService at index [0] is available in the RootTestModule context.

    Potential solutions:
    - Is RootTestModule a valid NestJS module?
    - If JwtService is a provider, is it part of the current RootTestModule?
    - If JwtService is exported from a separate @Module, is that module imported within RootTestModule?
      @Module({
        imports: [ /* the Module containing JwtService */ ]
      })

    For more common dependency resolution issues, see: https://docs.nestjs.com/faq/common-errors

       6 |
       7 |   beforeEach(async () => {
    >  8 |     const module: TestingModule = await Test.createTestingModule({
         |                                   ^
       9 |       controllers: [TestController],
      10 |     }).compile();
      11 |

      at TestingInjector.lookupComponentInParentModules (../node_modules/@nestjs/core/injector/injector.js:286:19)
      at TestingInjector.resolveComponentWrapper (../node_modules/@nestjs/testing/testing-injector.js:19:45)
      at resolveParam (../node_modules/@nestjs/core/injector/injector.js:140:38)
          at async Promise.all (index 0)
      at TestingInjector.resolveConstructorParams (../node_modules/@nestjs/core/injector/injector.js:169:27)
      at TestingInjector.loadInstance (../node_modules/@nestjs/core/injector/injector.js:75:13)
      at TestingInjector.loadInjectable (../node_modules/@nestjs/core/injector/injector.js:99:9)
      at ../node_modules/@nestjs/core/injector/instance-loader.js:80:13
          at async Promise.all (index 0)
      at TestingInstanceLoader.createInstancesOfInjectables (../node_modules/@nestjs/core/injector/instance-loader.js:79:9)
      at ../node_modules/@nestjs/core/injector/instance-loader.js:41:13
          at async Promise.all (index 1)
      at TestingInstanceLoader.createInstances (../node_modules/@nestjs/core/injector/instance-loader.js:39:9)
      at TestingInstanceLoader.createInstancesOfDependencies (../node_modules/@nestjs/core/injector/instance-loader.js:22:13)
      at TestingInstanceLoader.createInstancesOfDependencies (../node_modules/@nestjs/testing/testing-instance-loader.js:9:9)
      at TestingModuleBuilder.createInstancesOfDependencies (../node_modules/@nestjs/testing/testing-module.builder.js:118:9)
      at TestingModuleBuilder.compile (../node_modules/@nestjs/testing/testing-module.builder.js:74:9)
      at Object.<anonymous> (test/test.controller.spec.ts:8:35)

Test Suites: 1 failed, 1 total
Tests:       1 failed, 1 total
Snapshots:   0 total
Time:        1.452 s
Ran all test suites matching src/test/test.controller.spec.ts.
